20 대전로1375번길 22-14 val masks 31 117s
{
 "rule_commit": "4783bcb",
 "n_pieces": 37,
 "판정": {
  "차량없음_road_bt적용": 12,
  "BLOCKED": 9,
  "폭축_통과후보": 12,
  "CONDITIONAL_C": 4
 },
 "판정변화": {
  "강등": 10,
  "동일": 19,
  "상향": 4,
  "비교 불가": 4
 },
 "분리방식": {
  "시간": 16,
  "통과불가": 5,
  "공간": 16
 },
 "일반차량_진입차단": {
  "Y": 27,
  "N": 10
 },
 "회랑필터_합계": {
  "조각": "합계",
  "SAM원마스크": 3838,
  "규격선험통과": 709,
  "회랑안": 351,
  "확정(둘다)": 71,
  "규격선험만통과했으나_회랑밖(=오탐제거수)": 638,
  "오탐제거율(%)": 90.0
 },
 "사람대조": {
  "대조가능": 9,
  "대수일치": 5,
  "차이": 4
 }
}
