0 계족로330번길 masks 107 129s
0 계족로330번길 val masks 53 119s
1 계족로336번길 masks 79 128s
1 계족로336번길 val masks 59 116s
2 동대전로110번길 masks 108 130s
3 역전시장길7 masks 113 127s
4 역전시장길75 masks 137 124s
5 목척3길 masks 109 122s
5 목척3길 val masks 50 114s
6 목척5길 masks 135 125s
6 목척5길 val masks 47 118s
7 진수길 masks 28 124s
8 진보길 masks 76 123s
9 수양길 masks 62 126s
10 대종로601번길 masks 121 124s
11 대전천북로116번길 masks 87 123s
12 갈마중로28번길 masks 91 124s
12 갈마중로28번길 val masks 37 115s
13 갈마중로30번길 masks 98 124s
13 갈마중로30번길 val masks 57 114s
14 갈마중로46번길 masks 118 126s
14 갈마중로46번길 val masks 61 116s
15 문정로170번길 masks 109 128s
16 문정로112번안길 masks 94 124s
17 남선로9번길 masks 121 123s
18 계족산로5번안길 22 masks 115 130s
19 계족로608번길 30 masks 109 129s
20 대전로1375번길 22-14 masks 111 125s
21 대전로1397번길 50 masks 91 126s
22 청자마을길 28 masks 166 123s
23 태양마을길 28 masks 155 125s
24 동심9길 masks 94 124s
25 늘봄2길 masks 96 125s
26 동춘당로31번길 masks 79 125s
27 도솔로175번길 masks 108 124s
27 도솔로175번길 val masks 42 121s
28 변정1길 masks 84 124s
28 변정1길 val masks 34 117s
29 변정7길 masks 93 126s
29 변정7길 val masks 50 118s
30 당디로124번길 masks 124 125s
31 충무로68번길 masks 92 128s
32 보문산공원로530번길 masks 126 124s
33 대둔산로414번길 masks 88 125s
34 보문산로122번길 masks 118 125s
35 대둔산로386번길 masks 105 124s
36 계백로1158번길 masks 91 126s
{
 "rule_commit": "4783bcb",
 "n_pieces": 37,
 "판정": {
  "차량없음_road_bt적용": 12,
  "BLOCKED": 9,
  "폭축_통과후보": 12,
  "CONDITIONAL_C": 4
 },
 "판정변화": {
  "강등": 10,
  "동일": 19,
  "상향": 4,
  "비교 불가": 4
 },
 "분리방식": {
  "시간": 16,
  "통과불가": 5,
  "공간": 16
 },
 "일반차량_진입차단": {
  "Y": 27,
  "N": 10
 },
 "회랑필터_합계": {
  "조각": "합계",
  "SAM원마스크": 3838,
  "규격선험통과": 709,
  "회랑안": 351,
  "확정(둘다)": 71,
  "규격선험만통과했으나_회랑밖(=오탐제거수)": 638,
  "오탐제거율(%)": 90.0
 },
 "사람대조": {
  "대조가능": 9,
  "대수일치": 5,
  "차이": 4
 }
}
